###############################################################################
#                                                                             #
# IAR C/C++ Compiler V8.20.2.41139 for 8051             01/Mar/2023  23:48:14 #
# Copyright 2004-2013 IAR Systems AB.                                         #
#                                                                             #
#    Core               =  plain                                              #
#    Code model         =  banked                                             #
#    Data model         =  large                                              #
#    Calling convention =  xdata reentrant                                    #
#    Constant location  =  data_rom                                           #
#    Dptr setup         =  1,16                                               #
#                                                                             #
#    Source file        =  D:\Project\ZStack\Components\hal\common\hal_assert #
#                          .c                                                 #
#    Command line       =  -f D:\Project\ZStack\Projects\zstack\Samples\Gener #
#                          icApp\CC2530DB\..\..\..\Tools\CC2530DB\f8wEndev.cf #
#                          g (-DCPU32MHZ -DROOT=__near_func                   #
#                          -DMAC_CFG_TX_DATA_MAX=3 -DMAC_CFG_TX_MAX=6         #
#                          -DMAC_CFG_RX_MAX=3) -f D:\Project\ZStack\Projects\ #
#                          zstack\Samples\GenericApp\CC2530DB\..\..\..\Tools\ #
#                          CC2530DB\f8wConfig.cfg (-DZIGBEEPRO -DSECURE=0     #
#                          -DZG_SECURE_DYNAMIC=0 -DREFLECTOR                  #
#                          -DDEFAULT_CHANLIST=0x00000800                      #
#                          -DZDAPP_CONFIG_PAN_ID=0xFFFF                       #
#                          -DNWK_START_DELAY=100 -DEXTENDED_JOINING_RANDOM_MA #
#                          SK=0x007F -DBEACON_REQUEST_DELAY=100               #
#                          -DBEACON_REQ_DELAY_MASK=0x00FF                     #
#                          -DLINK_STATUS_JITTER_MASK=0x007F                   #
#                          -DROUTE_EXPIRY_TIME=30 -DAPSC_ACK_WAIT_DURATION_PO #
#                          LLED=3000 -DNWK_INDIRECT_MSG_TIMEOUT=7             #
#                          -DMAX_RREQ_ENTRIES=8 -DAPSC_MAX_FRAME_RETRIES=3    #
#                          -DNWK_MAX_DATA_RETRIES=2                           #
#                          -DMAX_POLL_FAILURE_RETRIES=2 -DMAX_BCAST=9         #
#                          -DAPS_MAX_GROUPS=16 -DMAX_RTG_ENTRIES=40           #
#                          -DNWK_MAX_BINDING_ENTRIES=4                        #
#                          -DMAX_BINDING_CLUSTER_IDS=4 "-DDEFAULT_KEY={0x01,  #
#                          0x03, 0x05, 0x07, 0x09, 0x0B, 0x0D, 0x0F, 0x00,    #
#                          0x02, 0x04, 0x06, 0x08, 0x0A, 0x0C, 0x0D}"         #
#                          -DMAC_MAX_FRAME_SIZE=116                           #
#                          -DZDNWKMGR_MIN_TRANSMISSIONS=20 "-DCONST=const     #
#                          __code" -DGENERIC=__generic                        #
#                          -DRFD_RCVC_ALWAYS_ON=FALSE -DPOLL_RATE=1000        #
#                          -DQUEUED_POLL_RATE=100 -DRESPONSE_POLL_RATE=100)   #
#                          -DREJOIN_POLL_RATE=440 D:\Project\ZStack\Component #
#                          s\hal\common\hal_assert.c -D NWK_AUTO_POLL -D      #
#                          MT_TASK -D MT_SYS_FUNC -D MT_ZDO_FUNC -D ED -D     #
#                          NV_INIT -lC D:\Project\ZStack\Projects\zstack\Samp #
#                          les\GenericApp\CC2530DB\EndDeviceEB\List\ -lA      #
#                          D:\Project\ZStack\Projects\zstack\Samples\GenericA #
#                          pp\CC2530DB\EndDeviceEB\List\ --diag_suppress      #
#                          Pe001,Pa010 -o D:\Project\ZStack\Projects\zstack\S #
#                          amples\GenericApp\CC2530DB\EndDeviceEB\Obj\ -e     #
#                          --no_code_motion --debug --core=plain --dptr=16,1  #
#                          --data_model=large --code_model=banked             #
#                          --calling_convention=xdata_reentrant               #
#                          --place_constants=data_rom --nr_virtual_regs 16    #
#                          -I D:\Project\ZStack\Projects\zstack\Samples\Gener #
#                          icApp\CC2530DB\ -I D:\Project\ZStack\Projects\zsta #
#                          ck\Samples\GenericApp\CC2530DB\..\Source\ -I       #
#                          D:\Project\ZStack\Projects\zstack\Samples\GenericA #
#                          pp\CC2530DB\..\..\..\ZMain\TI2530DB\ -I            #
#                          D:\Project\ZStack\Projects\zstack\Samples\GenericA #
#                          pp\CC2530DB\..\..\..\..\..\Components\hal\include\ #
#                           -I D:\Project\ZStack\Projects\zstack\Samples\Gene #
#                          ricApp\CC2530DB\..\..\..\..\..\Components\hal\targ #
#                          et\CC2530EB\ -I D:\Project\ZStack\Projects\zstack\ #
#                          Samples\GenericApp\CC2530DB\..\..\..\..\..\Compone #
#                          nts\mac\include\ -I D:\Project\ZStack\Projects\zst #
#                          ack\Samples\GenericApp\CC2530DB\..\..\..\..\..\Com #
#                          ponents\mac\high_level\ -I                         #
#                          D:\Project\ZStack\Projects\zstack\Samples\GenericA #
#                          pp\CC2530DB\..\..\..\..\..\Components\mac\low_leve #
#                          l\srf04\ -I D:\Project\ZStack\Projects\zstack\Samp #
#                          les\GenericApp\CC2530DB\..\..\..\..\..\Components\ #
#                          mac\low_level\srf04\single_chip\ -I                #
#                          D:\Project\ZStack\Projects\zstack\Samples\GenericA #
#                          pp\CC2530DB\..\..\..\..\..\Components\mt\ -I       #
#                          D:\Project\ZStack\Projects\zstack\Samples\GenericA #
#                          pp\CC2530DB\..\..\..\..\..\Components\osal\include #
#                          \ -I D:\Project\ZStack\Projects\zstack\Samples\Gen #
#                          ericApp\CC2530DB\..\..\..\..\..\Components\service #
#                          s\saddr\ -I D:\Project\ZStack\Projects\zstack\Samp #
#                          les\GenericApp\CC2530DB\..\..\..\..\..\Components\ #
#                          services\sdata\ -I D:\Project\ZStack\Projects\zsta #
#                          ck\Samples\GenericApp\CC2530DB\..\..\..\..\..\Comp #
#                          onents\stack\af\ -I D:\Project\ZStack\Projects\zst #
#                          ack\Samples\GenericApp\CC2530DB\..\..\..\..\..\Com #
#                          ponents\stack\nwk\ -I D:\Project\ZStack\Projects\z #
#                          stack\Samples\GenericApp\CC2530DB\..\..\..\..\..\C #
#                          omponents\stack\sapi\ -I                           #
#                          D:\Project\ZStack\Projects\zstack\Samples\GenericA #
#                          pp\CC2530DB\..\..\..\..\..\Components\stack\sec\   #
#                          -I D:\Project\ZStack\Projects\zstack\Samples\Gener #
#                          icApp\CC2530DB\..\..\..\..\..\Components\stack\sys #
#                          \ -I D:\Project\ZStack\Projects\zstack\Samples\Gen #
#                          ericApp\CC2530DB\..\..\..\..\..\Components\stack\z #
#                          do\ -I D:\Project\ZStack\Projects\zstack\Samples\G #
#                          enericApp\CC2530DB\..\..\..\..\..\Components\zmac\ #
#                           -I D:\Project\ZStack\Projects\zstack\Samples\Gene #
#                          ricApp\CC2530DB\..\..\..\..\..\Components\zmac\f8w #
#                          \ -Ohz                                             #
#    List file          =  D:\Project\ZStack\Projects\zstack\Samples\GenericA #
#                          pp\CC2530DB\EndDeviceEB\List\hal_assert.lst        #
#    Object file        =  D:\Project\ZStack\Projects\zstack\Samples\GenericA #
#                          pp\CC2530DB\EndDeviceEB\Obj\hal_assert.r51         #
#                                                                             #
#                                                                             #
###############################################################################

D:\Project\ZStack\Components\hal\common\hal_assert.c
      1          /**************************************************************************************************
      2            Filename:       hal_assert.c
      3            Revised:        $Date: 2010-11-22 08:13:43 -0800 (Mon, 22 Nov 2010) $
      4            Revision:       $Revision: 24480 $
      5          
      6            Description:    Describe the purpose and contents of the file.
      7          
      8          
      9            Copyright 2006-2010 Texas Instruments Incorporated. All rights reserved.
     10          
     11            IMPORTANT: Your use of this Software is limited to those specific rights
     12            granted under the terms of a software license agreement between the user
     13            who downloaded the software, his/her employer (which must be your employer)
     14            and Texas Instruments Incorporated (the "License").  You may not use this
     15            Software unless you agree to abide by the terms of the License. The License
     16            limits your use, and you acknowledge, that the Software may not be modified,
     17            copied or distributed unless embedded on a Texas Instruments microcontroller
     18            or used solely and exclusively in conjunction with a Texas Instruments radio
     19            frequency transceiver, which is integrated into your product.  Other than for
     20            the foregoing purpose, you may not use, reproduce, copy, prepare derivative
     21            works of, modify, distribute, perform, display or sell this Software and/or
     22            its documentation for any purpose.
     23          
     24            YOU FURTHER ACKNOWLEDGE AND AGREE THAT THE SOFTWARE AND DOCUMENTATION ARE
     25            PROVIDED “AS IS” WITHOUT WARRANTY OF ANY KIND, EITHER EXPRESS OR IMPLIED,
     26            INCLUDING WITHOUT LIMITATION, ANY WARRANTY OF MERCHANTABILITY, TITLE,
     27            NON-INFRINGEMENT AND FITNESS FOR A PARTICULAR PURPOSE. IN NO EVENT SHALL
     28            TEXAS INSTRUMENTS OR ITS LICENSORS BE LIABLE OR OBLIGATED UNDER CONTRACT,
     29            NEGLIGENCE, STRICT LIABILITY, CONTRIBUTION, BREACH OF WARRANTY, OR OTHER
     30            LEGAL EQUITABLE THEORY ANY DIRECT OR INDIRECT DAMAGES OR EXPENSES
     31            INCLUDING BUT NOT LIMITED TO ANY INCIDENTAL, SPECIAL, INDIRECT, PUNITIVE
     32            OR CONSEQUENTIAL DAMAGES, LOST PROFITS OR LOST DATA, COST OF PROCUREMENT
     33            OF SUBSTITUTE GOODS, TECHNOLOGY, SERVICES, OR ANY CLAIMS BY THIRD PARTIES
     34            (INCLUDING BUT NOT LIMITED TO ANY DEFENSE THEREOF), OR OTHER SIMILAR COSTS.
     35          
     36            Should you have any questions regarding your right to use this Software,
     37            contact Texas Instruments Incorporated at www.TI.com.
     38          **************************************************************************************************/
     39          
     40          
     41          /* ------------------------------------------------------------------------------------------------
     42           *                                          Includes
     43           * ------------------------------------------------------------------------------------------------
     44           */
     45          #include "hal_assert.h"
     46          #include "hal_types.h"
     47          #include "hal_board.h"
     48          #include "hal_defs.h"
     49          #include "hal_mcu.h"
     50          
     51          #if (defined HAL_MCU_AVR) || (defined HAL_MCU_CC2430) || (defined HAL_MCU_CC2530) || \
     52              (defined HAL_MCU_CC2533) || (defined HAL_MCU_MSP430)
     53            /* for access to debug data */
     54          #include "mac_rx.h"
     55          #include "mac_tx.h"
     56          #endif
     57          
     58          /* ------------------------------------------------------------------------------------------------
     59           *                                       Local Prototypes
     60           * ------------------------------------------------------------------------------------------------
     61           */
     62          void halAssertHazardLights(void);
     63          
     64          
     65          /**************************************************************************************************
     66           * @fn          halAssertHandler
     67           *
     68           * @brief       Logic to handle an assert.
     69           *
     70           * @param       none
     71           *
     72           * @return      none
     73           **************************************************************************************************
     74           */

   \                                 In  segment BANKED_CODE, align 1, keep-with-next
     75          void halAssertHandler(void)
   \                     halAssertHandler:
     76          {
   \   000000                ; Saved register size: 0
   \   000000                ; Auto size: 0
     77            /* execute code that handles asserts */
     78          #ifdef ASSERT_RESET
     79            HAL_SYSTEM_RESET();
     80          #elif !defined ASSERT_WHILE
     81            halAssertHazardLights();
     82          #else
     83            while(1);
     84          #endif
     85          }
   \   000000   02....       LJMP    ?BRET
     86          
     87          #if !defined ASSERT_WHILE
     88          /**************************************************************************************************
     89           * @fn          halAssertHazardLights
     90           *
     91           * @brief       Blink LEDs to indicate an error.
     92           *
     93           * @param       none
     94           *
     95           * @return      none
     96           **************************************************************************************************
     97           */

   \                                 In  segment BANKED_CODE, align 1, keep-with-next
     98          void halAssertHazardLights(void)
   \                     halAssertHazardLights:
     99          {
   \   000000                ; Saved register size: 0
   \   000000                ; Auto size: 0
    100          }
   \   000000   02....       LJMP    ?BRET

   \                                 In  segment BANK_RELAYS, align 1
   \                     ??halAssertHandler?relay:
   \   000000   12....       LCALL   ?BDISPATCH
   \   000003   ......       DC24    halAssertHandler

   \                                 In  segment BANK_RELAYS, align 1
   \                     ??halAssertHazardLights?relay:
   \   000000   12....       LCALL   ?BDISPATCH
   \   000003   ......       DC24    halAssertHazardLights
    101          #endif
    102          
    103          /* ------------------------------------------------------------------------------------------------
    104           *                                    Compile Time Assertions
    105           * ------------------------------------------------------------------------------------------------
    106           */
    107          
    108          /* integrity check of type sizes */
    109          HAL_ASSERT_SIZE(  int8, 1);
    110          HAL_ASSERT_SIZE( uint8, 1);
    111          HAL_ASSERT_SIZE( int16, 2);
    112          HAL_ASSERT_SIZE(uint16, 2);
    113          HAL_ASSERT_SIZE( int32, 4);
    114          HAL_ASSERT_SIZE(uint32, 4);
    115          
    116          
    117          /**************************************************************************************************
    118          */

   Maximum stack usage in bytes:

   ISTACK PSTACK XSTACK Function
   ------ ------ ------ --------
       0      0      0  halAssertHandler
       0      0      0  halAssertHazardLights


   Segment part sizes:

   Bytes  Function/Label
   -----  --------------
       6  ??halAssertHandler?relay
       6  ??halAssertHazardLights?relay
       3  halAssertHandler
       3  halAssertHazardLights

 
  6 bytes in segment BANKED_CODE
 12 bytes in segment BANK_RELAYS
 
 18 bytes of CODE memory

Errors: none
Warnings: none
